// Jest Snapshot v1, https://goo.gl/fbAQLP

exports[`Atoms/GreenPlayButton Should match snapshot 1`] = `
<styled.div
  onClick={[MockFunction]}
>
  <FontAwesomeIcon
    border={false}
    className=""
    fixedWidth={false}
    flip={null}
    icon={
      Object {
        "icon": Array [
          448,
          512,
          Array [],
          "f04b",
          "M424.4 214.7L72.4 6.6C43.8-10.3 0 6.1 0 47.9V464c0 37.5 40.7 60.1 72.4 41.3l352-208c31.4-18.5 31.5-64.1 0-82.6z",
        ],
        "iconName": "play",
        "prefix": "fas",
      }
    }
    inverse={false}
    listItem={false}
    mask={null}
    pull={null}
    pulse={false}
    rotation={null}
    size={null}
    spin={false}
    style={
      Object {
        "color": "#fff",
        "height": "10px",
        "margin": "20px",
        "width": "10px",
      }
    }
    swapOpacity={false}
    symbol={false}
    title=""
    transform={null}
  />
</styled.div>
`;
