// Jest Snapshot v1, https://goo.gl/fbAQLP

exports[`Atoms/BackButton Should match snapshot 1`] = `
<styled.div
  onClick={[Function]}
>
  <FontAwesomeIcon
    border={false}
    className=""
    fixedWidth={false}
    flip={null}
    icon={
      Object {
        "icon": Array [
          448,
          512,
          Array [],
          "f060",
          "M257.5 445.1l-22.2 22.2c-9.4 9.4-24.6 9.4-33.9 0L7 273c-9.4-9.4-9.4-24.6 0-33.9L201.4 44.7c9.4-9.4 24.6-9.4 33.9 0l22.2 22.2c9.5 9.5 9.3 25-.4 34.3L136.6 216H424c13.3 0 24 10.7 24 24v32c0 13.3-10.7 24-24 24H136.6l120.5 114.8c9.8 9.3 10 24.8.4 34.3z",
        ],
        "iconName": "arrow-left",
        "prefix": "fas",
      }
    }
    inverse={false}
    listItem={false}
    mask={null}
    pull={null}
    pulse={false}
    rotation={null}
    size={null}
    spin={false}
    style={
      Object {
        "color": "#fff",
        "height": "20px",
        "margin": "5px 5px 5px 5px",
        "width": "20px",
      }
    }
    swapOpacity={false}
    symbol={false}
    title=""
    transform={null}
  />
</styled.div>
`;
